// Jest Snapshot v1, https://goo.gl/fbAQLP

exports[`MyComponent snapshot should render initial layout 1`] = `
Array [
  <div
    className="myComponentClass"
  >
    Component is here 
    aasaa
    <input
      name="myInput"
      onChange={[Function]}
      type="text"
    />
  </div>,
]
`;
