// Jest Snapshot v1, https://goo.gl/fbAQLP

exports[`ListItem basics should match snapshot 1`] = `
Array [
  <li
    className="item"
  />,
]
`;
